------------------------------------------------------------
Timing Analyzer Summary
------------------------------------------------------------

Type  : Slow 1200mV 85C Model Setup 'CLOCK_50'
Slack : -5.963
TNS   : -274.719

Type  : Slow 1200mV 85C Model Setup 'KEY[1]'
Slack : -5.740
TNS   : -5.740

Type  : Slow 1200mV 85C Model Setup 'Show_Colours:VGA|ClockDivider:MHz25|cout'
Slack : -4.190
TNS   : -138.860

Type  : Slow 1200mV 85C Model Setup 'scorer:Score|ClockDivider:CD|cout'
Slack : -1.890
TNS   : -14.697

Type  : Slow 1200mV 85C Model Setup 'timer:Time|ClockDivider:comb_5|cout'
Slack : -0.938
TNS   : -8.967

Type  : Slow 1200mV 85C Model Hold 'CLOCK_50'
Slack : 0.331
TNS   : 0.000

Type  : Slow 1200mV 85C Model Hold 'scorer:Score|ClockDivider:CD|cout'
Slack : 0.331
TNS   : 0.000

Type  : Slow 1200mV 85C Model Hold 'timer:Time|ClockDivider:comb_5|cout'
Slack : 0.331
TNS   : 0.000

Type  : Slow 1200mV 85C Model Hold 'Show_Colours:VGA|ClockDivider:MHz25|cout'
Slack : 0.546
TNS   : 0.000

Type  : Slow 1200mV 85C Model Hold 'KEY[1]'
Slack : 1.187
TNS   : 0.000

Type  : Slow 1200mV 85C Model Recovery 'CLOCK_50'
Slack : -2.081
TNS   : -2.081

Type  : Slow 1200mV 85C Model Removal 'CLOCK_50'
Slack : 1.773
TNS   : 0.000

Type  : Slow 1200mV 85C Model Minimum Pulse Width 'CLOCK_50'
Slack : -3.000
TNS   : -112.980

Type  : Slow 1200mV 85C Model Minimum Pulse Width 'KEY[1]'
Slack : -3.000
TNS   : -3.000

Type  : Slow 1200mV 85C Model Minimum Pulse Width 'Show_Colours:VGA|ClockDivider:MHz25|cout'
Slack : -1.222
TNS   : -54.990

Type  : Slow 1200mV 85C Model Minimum Pulse Width 'timer:Time|ClockDivider:comb_5|cout'
Slack : -1.222
TNS   : -13.442

Type  : Slow 1200mV 85C Model Minimum Pulse Width 'scorer:Score|ClockDivider:CD|cout'
Slack : -1.222
TNS   : -9.776

Type  : Slow 1200mV 0C Model Setup 'CLOCK_50'
Slack : -5.311
TNS   : -244.775

Type  : Slow 1200mV 0C Model Setup 'KEY[1]'
Slack : -5.026
TNS   : -5.026

Type  : Slow 1200mV 0C Model Setup 'Show_Colours:VGA|ClockDivider:MHz25|cout'
Slack : -3.750
TNS   : -123.551

Type  : Slow 1200mV 0C Model Setup 'scorer:Score|ClockDivider:CD|cout'
Slack : -1.671
TNS   : -12.930

Type  : Slow 1200mV 0C Model Setup 'timer:Time|ClockDivider:comb_5|cout'
Slack : -0.763
TNS   : -7.207

Type  : Slow 1200mV 0C Model Hold 'CLOCK_50'
Slack : 0.300
TNS   : 0.000

Type  : Slow 1200mV 0C Model Hold 'scorer:Score|ClockDivider:CD|cout'
Slack : 0.300
TNS   : 0.000

Type  : Slow 1200mV 0C Model Hold 'timer:Time|ClockDivider:comb_5|cout'
Slack : 0.301
TNS   : 0.000

Type  : Slow 1200mV 0C Model Hold 'Show_Colours:VGA|ClockDivider:MHz25|cout'
Slack : 0.502
TNS   : 0.000

Type  : Slow 1200mV 0C Model Hold 'KEY[1]'
Slack : 1.095
TNS   : 0.000

Type  : Slow 1200mV 0C Model Recovery 'CLOCK_50'
Slack : -1.851
TNS   : -1.851

Type  : Slow 1200mV 0C Model Removal 'CLOCK_50'
Slack : 1.712
TNS   : 0.000

Type  : Slow 1200mV 0C Model Minimum Pulse Width 'CLOCK_50'
Slack : -3.000
TNS   : -112.980

Type  : Slow 1200mV 0C Model Minimum Pulse Width 'KEY[1]'
Slack : -3.000
TNS   : -3.000

Type  : Slow 1200mV 0C Model Minimum Pulse Width 'Show_Colours:VGA|ClockDivider:MHz25|cout'
Slack : -1.222
TNS   : -54.990

Type  : Slow 1200mV 0C Model Minimum Pulse Width 'timer:Time|ClockDivider:comb_5|cout'
Slack : -1.222
TNS   : -13.442

Type  : Slow 1200mV 0C Model Minimum Pulse Width 'scorer:Score|ClockDivider:CD|cout'
Slack : -1.222
TNS   : -9.776

Type  : Fast 1200mV 0C Model Setup 'KEY[1]'
Slack : -3.041
TNS   : -3.041

Type  : Fast 1200mV 0C Model Setup 'CLOCK_50'
Slack : -2.498
TNS   : -85.043

Type  : Fast 1200mV 0C Model Setup 'Show_Colours:VGA|ClockDivider:MHz25|cout'
Slack : -1.501
TNS   : -42.190

Type  : Fast 1200mV 0C Model Setup 'scorer:Score|ClockDivider:CD|cout'
Slack : -0.341
TNS   : -2.544

Type  : Fast 1200mV 0C Model Setup 'timer:Time|ClockDivider:comb_5|cout'
Slack : 0.077
TNS   : 0.000

Type  : Fast 1200mV 0C Model Hold 'CLOCK_50'
Slack : 0.152
TNS   : 0.000

Type  : Fast 1200mV 0C Model Hold 'scorer:Score|ClockDivider:CD|cout'
Slack : 0.152
TNS   : 0.000

Type  : Fast 1200mV 0C Model Hold 'timer:Time|ClockDivider:comb_5|cout'
Slack : 0.152
TNS   : 0.000

Type  : Fast 1200mV 0C Model Hold 'Show_Colours:VGA|ClockDivider:MHz25|cout'
Slack : 0.246
TNS   : 0.000

Type  : Fast 1200mV 0C Model Hold 'KEY[1]'
Slack : 0.537
TNS   : 0.000

Type  : Fast 1200mV 0C Model Recovery 'CLOCK_50'
Slack : -1.186
TNS   : -1.186

Type  : Fast 1200mV 0C Model Removal 'CLOCK_50'
Slack : 0.694
TNS   : 0.000

Type  : Fast 1200mV 0C Model Minimum Pulse Width 'CLOCK_50'
Slack : -3.000
TNS   : -108.463

Type  : Fast 1200mV 0C Model Minimum Pulse Width 'KEY[1]'
Slack : -3.000
TNS   : -3.150

Type  : Fast 1200mV 0C Model Minimum Pulse Width 'Show_Colours:VGA|ClockDivider:MHz25|cout'
Slack : -1.000
TNS   : -45.000

Type  : Fast 1200mV 0C Model Minimum Pulse Width 'timer:Time|ClockDivider:comb_5|cout'
Slack : -1.000
TNS   : -11.000

Type  : Fast 1200mV 0C Model Minimum Pulse Width 'scorer:Score|ClockDivider:CD|cout'
Slack : -1.000
TNS   : -8.000

------------------------------------------------------------
