------------------------------------------------------------
Timing Analyzer Summary
------------------------------------------------------------

Type  : Slow 1200mV 85C Model Setup 'ClockDivider:MHz25|cout'
Slack : -2.217
TNS   : -83.551

Type  : Slow 1200mV 85C Model Setup 'CLOCK_50'
Slack : -0.349
TNS   : -0.349

Type  : Slow 1200mV 85C Model Hold 'CLOCK_50'
Slack : 0.356
TNS   : 0.000

Type  : Slow 1200mV 85C Model Hold 'ClockDivider:MHz25|cout'
Slack : 0.391
TNS   : 0.000

Type  : Slow 1200mV 85C Model Minimum Pulse Width 'CLOCK_50'
Slack : -3.000
TNS   : -4.222

Type  : Slow 1200mV 85C Model Minimum Pulse Width 'ClockDivider:MHz25|cout'
Slack : -1.222
TNS   : -50.102

Type  : Slow 1200mV 0C Model Setup 'ClockDivider:MHz25|cout'
Slack : -1.948
TNS   : -73.146

Type  : Slow 1200mV 0C Model Setup 'CLOCK_50'
Slack : -0.190
TNS   : -0.190

Type  : Slow 1200mV 0C Model Hold 'CLOCK_50'
Slack : 0.228
TNS   : 0.000

Type  : Slow 1200mV 0C Model Hold 'ClockDivider:MHz25|cout'
Slack : 0.353
TNS   : 0.000

Type  : Slow 1200mV 0C Model Minimum Pulse Width 'CLOCK_50'
Slack : -3.000
TNS   : -4.222

Type  : Slow 1200mV 0C Model Minimum Pulse Width 'ClockDivider:MHz25|cout'
Slack : -1.222
TNS   : -50.102

Type  : Fast 1200mV 0C Model Setup 'ClockDivider:MHz25|cout'
Slack : -0.506
TNS   : -17.380

Type  : Fast 1200mV 0C Model Setup 'CLOCK_50'
Slack : -0.048
TNS   : -0.048

Type  : Fast 1200mV 0C Model Hold 'ClockDivider:MHz25|cout'
Slack : 0.183
TNS   : 0.000

Type  : Fast 1200mV 0C Model Hold 'CLOCK_50'
Slack : 0.297
TNS   : 0.000

Type  : Fast 1200mV 0C Model Minimum Pulse Width 'CLOCK_50'
Slack : -3.000
TNS   : -4.233

Type  : Fast 1200mV 0C Model Minimum Pulse Width 'ClockDivider:MHz25|cout'
Slack : -1.000
TNS   : -41.000

------------------------------------------------------------
