Analysis & Synthesis report for EECS3216-Project
Tue Apr 05 14:48:16 2022
Quartus Prime Version 20.1.1 Build 720 11/11/2020 Patches 1.02i SJ Lite Edition


---------------------
; Table of Contents ;
---------------------
  1. Legal Notice
  2. Analysis & Synthesis Summary
  3. Analysis & Synthesis Settings
  4. Parallel Compilation
  5. Analysis & Synthesis Source Files Read
  6. Analysis & Synthesis Resource Usage Summary
  7. Analysis & Synthesis Resource Utilization by Entity
  8. Registers Removed During Synthesis
  9. General Register Statistics
 10. Inverted Register Statistics
 11. Multiplexer Restructuring Statistics (Restructuring Performed)
 12. Parameter Settings for User Entity Instance: timer:Time|ClockDivider:comb_5
 13. Parameter Settings for User Entity Instance: Show_Colours:VGA|ClockDivider:MHz25
 14. Parameter Settings for User Entity Instance: Show_Colours:VGA|drawLines:DL
 15. Parameter Settings for Inferred Entity Instance: scorer:Score|lpm_divide:Mod0
 16. Parameter Settings for Inferred Entity Instance: scorer:Score|lpm_divide:Div0
 17. Port Connectivity Checks: "scorer:Score|sevenseg:B"
 18. Port Connectivity Checks: "scorer:Score|sevenseg:A"
 19. Post-Synthesis Netlist Statistics for Top Partition
 20. Elapsed Time Per Partition
 21. Analysis & Synthesis Messages
 22. Analysis & Synthesis Suppressed Messages



----------------
; Legal Notice ;
----------------
Copyright (C) 2020  Intel Corporation. All rights reserved.
Your use of Intel Corporation's design tools, logic functions 
and other software and tools, and any partner logic 
functions, and any output files from any of the foregoing 
(including device programming or simulation files), and any 
associated documentation or information are expressly subject 
to the terms and conditions of the Intel Program License 
Subscription Agreement, the Intel Quartus Prime License Agreement,
the Intel FPGA IP License Agreement, or other applicable license
agreement, including, without limitation, that your use is for
the sole purpose of programming logic devices manufactured by
Intel and sold by Intel or its authorized distributors.  Please
refer to the applicable agreement for further details, at
https://fpgasoftware.intel.com/eula.



+------------------------------------------------------------------------------------------------+
; Analysis & Synthesis Summary                                                                   ;
+------------------------------------+-----------------------------------------------------------+
; Analysis & Synthesis Status        ; Successful - Tue Apr 05 14:48:16 2022                     ;
; Quartus Prime Version              ; 20.1.1 Build 720 11/11/2020 Patches 1.02i SJ Lite Edition ;
; Revision Name                      ; EECS3216-Project                                          ;
; Top-level Entity Name              ; top                                                       ;
; Family                             ; MAX 10                                                    ;
; Total logic elements               ; 330                                                       ;
;     Total combinational functions  ; 316                                                       ;
;     Dedicated logic registers      ; 114                                                       ;
; Total registers                    ; 114                                                       ;
; Total pins                         ; 61                                                        ;
; Total virtual pins                 ; 0                                                         ;
; Total memory bits                  ; 0                                                         ;
; Embedded Multiplier 9-bit elements ; 0                                                         ;
; Total PLLs                         ; 0                                                         ;
; UFM blocks                         ; 0                                                         ;
; ADC blocks                         ; 0                                                         ;
+------------------------------------+-----------------------------------------------------------+


+------------------------------------------------------------------------------------------------------------+
; Analysis & Synthesis Settings                                                                              ;
+------------------------------------------------------------------+--------------------+--------------------+
; Option                                                           ; Setting            ; Default Value      ;
+------------------------------------------------------------------+--------------------+--------------------+
; Device                                                           ; 10M50DAF484C6GES   ;                    ;
; Top-level entity name                                            ; top                ; EECS3216-Project   ;
; Family name                                                      ; MAX 10             ; Cyclone V          ;
; Use smart compilation                                            ; Off                ; Off                ;
; Enable parallel Assembler and Timing Analyzer during compilation ; On                 ; On                 ;
; Enable compact report table                                      ; Off                ; Off                ;
; Restructure Multiplexers                                         ; Auto               ; Auto               ;
; Create Debugging Nodes for IP Cores                              ; Off                ; Off                ;
; Preserve fewer node names                                        ; On                 ; On                 ;
; Intel FPGA IP Evaluation Mode                                    ; Enable             ; Enable             ;
; Verilog Version                                                  ; Verilog_2001       ; Verilog_2001       ;
; VHDL Version                                                     ; VHDL_1993          ; VHDL_1993          ;
; State Machine Processing                                         ; Auto               ; Auto               ;
; Safe State Machine                                               ; Off                ; Off                ;
; Extract Verilog State Machines                                   ; On                 ; On                 ;
; Extract VHDL State Machines                                      ; On                 ; On                 ;
; Ignore Verilog initial constructs                                ; Off                ; Off                ;
; Iteration limit for constant Verilog loops                       ; 5000               ; 5000               ;
; Iteration limit for non-constant Verilog loops                   ; 250                ; 250                ;
; Add Pass-Through Logic to Inferred RAMs                          ; On                 ; On                 ;
; Infer RAMs from Raw Logic                                        ; On                 ; On                 ;
; Parallel Synthesis                                               ; On                 ; On                 ;
; DSP Block Balancing                                              ; Auto               ; Auto               ;
; NOT Gate Push-Back                                               ; On                 ; On                 ;
; Power-Up Don't Care                                              ; On                 ; On                 ;
; Remove Redundant Logic Cells                                     ; Off                ; Off                ;
; Remove Duplicate Registers                                       ; On                 ; On                 ;
; Ignore CARRY Buffers                                             ; Off                ; Off                ;
; Ignore CASCADE Buffers                                           ; Off                ; Off                ;
; Ignore GLOBAL Buffers                                            ; Off                ; Off                ;
; Ignore ROW GLOBAL Buffers                                        ; Off                ; Off                ;
; Ignore LCELL Buffers                                             ; Off                ; Off                ;
; Ignore SOFT Buffers                                              ; On                 ; On                 ;
; Limit AHDL Integers to 32 Bits                                   ; Off                ; Off                ;
; Optimization Technique                                           ; Balanced           ; Balanced           ;
; Carry Chain Length                                               ; 70                 ; 70                 ;
; Auto Carry Chains                                                ; On                 ; On                 ;
; Auto Open-Drain Pins                                             ; On                 ; On                 ;
; Perform WYSIWYG Primitive Resynthesis                            ; Off                ; Off                ;
; Auto ROM Replacement                                             ; On                 ; On                 ;
; Auto RAM Replacement                                             ; On                 ; On                 ;
; Auto DSP Block Replacement                                       ; On                 ; On                 ;
; Auto Shift Register Replacement                                  ; Auto               ; Auto               ;
; Allow Shift Register Merging across Hierarchies                  ; Auto               ; Auto               ;
; Auto Clock Enable Replacement                                    ; On                 ; On                 ;
; Strict RAM Replacement                                           ; Off                ; Off                ;
; Allow Synchronous Control Signals                                ; On                 ; On                 ;
; Force Use of Synchronous Clear Signals                           ; Off                ; Off                ;
; Auto RAM Block Balancing                                         ; On                 ; On                 ;
; Auto RAM to Logic Cell Conversion                                ; Off                ; Off                ;
; Auto Resource Sharing                                            ; Off                ; Off                ;
; Allow Any RAM Size For Recognition                               ; Off                ; Off                ;
; Allow Any ROM Size For Recognition                               ; Off                ; Off                ;
; Allow Any Shift Register Size For Recognition                    ; Off                ; Off                ;
; Use LogicLock Constraints during Resource Balancing              ; On                 ; On                 ;
; Ignore translate_off and synthesis_off directives                ; Off                ; Off                ;
; Timing-Driven Synthesis                                          ; On                 ; On                 ;
; Report Parameter Settings                                        ; On                 ; On                 ;
; Report Source Assignments                                        ; On                 ; On                 ;
; Report Connectivity Checks                                       ; On                 ; On                 ;
; Ignore Maximum Fan-Out Assignments                               ; Off                ; Off                ;
; Synchronization Register Chain Length                            ; 2                  ; 2                  ;
; Power Optimization During Synthesis                              ; Normal compilation ; Normal compilation ;
; HDL message level                                                ; Level2             ; Level2             ;
; Suppress Register Optimization Related Messages                  ; Off                ; Off                ;
; Number of Removed Registers Reported in Synthesis Report         ; 5000               ; 5000               ;
; Number of Swept Nodes Reported in Synthesis Report               ; 5000               ; 5000               ;
; Number of Inverted Registers Reported in Synthesis Report        ; 100                ; 100                ;
; Clock MUX Protection                                             ; On                 ; On                 ;
; Auto Gated Clock Conversion                                      ; Off                ; Off                ;
; Block Design Naming                                              ; Auto               ; Auto               ;
; SDC constraint protection                                        ; Off                ; Off                ;
; Synthesis Effort                                                 ; Auto               ; Auto               ;
; Shift Register Replacement - Allow Asynchronous Clear Signal     ; On                 ; On                 ;
; Pre-Mapping Resynthesis Optimization                             ; Off                ; Off                ;
; Analysis & Synthesis Message Level                               ; Medium             ; Medium             ;
; Disable Register Merging Across Hierarchies                      ; Auto               ; Auto               ;
; Resource Aware Inference For Block RAM                           ; On                 ; On                 ;
+------------------------------------------------------------------+--------------------+--------------------+


+------------------------------------------+
; Parallel Compilation                     ;
+----------------------------+-------------+
; Processors                 ; Number      ;
+----------------------------+-------------+
; Number detected on machine ; 12          ;
; Maximum allowed            ; 12          ;
;                            ;             ;
; Average used               ; 1.00        ;
; Maximum used               ; 12          ;
;                            ;             ;
; Usage by Processor         ; % Time Used ;
;     Processor 1            ; 100.0%      ;
;     Processor 2            ;   0.0%      ;
;     Processors 3-12        ;   0.0%      ;
+----------------------------+-------------+


+------------------------------------------------------------------------------------------------------------------------------------------------------------------------------------------------------------+
; Analysis & Synthesis Source Files Read                                                                                                                                                                     ;
+----------------------------------+-----------------+------------------------------+--------------------------------------------------------------------------------------------------------------+---------+
; File Name with User-Entered Path ; Used in Netlist ; File Type                    ; File Name with Absolute Path                                                                                 ; Library ;
+----------------------------------+-----------------+------------------------------+--------------------------------------------------------------------------------------------------------------+---------+
; Show_Colours.sv                  ; yes             ; User SystemVerilog HDL File  ; D:/Winter 2022/EECS3216 Z - Digital Systems Engineering/Project/EECS-3216-Project/Show_Colours.sv            ;         ;
; horizontalCounter.sv             ; yes             ; User SystemVerilog HDL File  ; D:/Winter 2022/EECS3216 Z - Digital Systems Engineering/Project/EECS-3216-Project/horizontalCounter.sv       ;         ;
; verticalCounter.sv               ; yes             ; User SystemVerilog HDL File  ; D:/Winter 2022/EECS3216 Z - Digital Systems Engineering/Project/EECS-3216-Project/verticalCounter.sv         ;         ;
; ClockDivider.sv                  ; yes             ; User SystemVerilog HDL File  ; D:/Winter 2022/EECS3216 Z - Digital Systems Engineering/Project/EECS-3216-Project/ClockDivider.sv            ;         ;
; drawLines.sv                     ; yes             ; User SystemVerilog HDL File  ; D:/Winter 2022/EECS3216 Z - Digital Systems Engineering/Project/EECS-3216-Project/drawLines.sv               ;         ;
; scorer.sv                        ; yes             ; User SystemVerilog HDL File  ; D:/Winter 2022/EECS3216 Z - Digital Systems Engineering/Project/EECS-3216-Project/scorer.sv                  ;         ;
; timer.sv                         ; yes             ; User SystemVerilog HDL File  ; D:/Winter 2022/EECS3216 Z - Digital Systems Engineering/Project/EECS-3216-Project/timer.sv                   ;         ;
; random.sv                        ; yes             ; User SystemVerilog HDL File  ; D:/Winter 2022/EECS3216 Z - Digital Systems Engineering/Project/EECS-3216-Project/random.sv                  ;         ;
; seg7.sv                          ; yes             ; User SystemVerilog HDL File  ; D:/Winter 2022/EECS3216 Z - Digital Systems Engineering/Project/EECS-3216-Project/seg7.sv                    ;         ;
; top.sv                           ; yes             ; User SystemVerilog HDL File  ; D:/Winter 2022/EECS3216 Z - Digital Systems Engineering/Project/EECS-3216-Project/top.sv                     ;         ;
; switch.sv                        ; yes             ; User SystemVerilog HDL File  ; D:/Winter 2022/EECS3216 Z - Digital Systems Engineering/Project/EECS-3216-Project/switch.sv                  ;         ;
; sevenseg.sv                      ; yes             ; User SystemVerilog HDL File  ; D:/Winter 2022/EECS3216 Z - Digital Systems Engineering/Project/EECS-3216-Project/sevenseg.sv                ;         ;
; lpm_divide.tdf                   ; yes             ; Megafunction                 ; c:/intelfpga_lite/20.1/quartus/libraries/megafunctions/lpm_divide.tdf                                        ;         ;
; abs_divider.inc                  ; yes             ; Megafunction                 ; c:/intelfpga_lite/20.1/quartus/libraries/megafunctions/abs_divider.inc                                       ;         ;
; sign_div_unsign.inc              ; yes             ; Megafunction                 ; c:/intelfpga_lite/20.1/quartus/libraries/megafunctions/sign_div_unsign.inc                                   ;         ;
; aglobal201.inc                   ; yes             ; Megafunction                 ; c:/intelfpga_lite/20.1/quartus/libraries/megafunctions/aglobal201.inc                                        ;         ;
; db/lpm_divide_bkl.tdf            ; yes             ; Auto-Generated Megafunction  ; D:/Winter 2022/EECS3216 Z - Digital Systems Engineering/Project/EECS-3216-Project/db/lpm_divide_bkl.tdf      ;         ;
; db/sign_div_unsign_akh.tdf       ; yes             ; Auto-Generated Megafunction  ; D:/Winter 2022/EECS3216 Z - Digital Systems Engineering/Project/EECS-3216-Project/db/sign_div_unsign_akh.tdf ;         ;
; db/alt_u_div_uee.tdf             ; yes             ; Auto-Generated Megafunction  ; D:/Winter 2022/EECS3216 Z - Digital Systems Engineering/Project/EECS-3216-Project/db/alt_u_div_uee.tdf       ;         ;
; db/add_sub_t3c.tdf               ; yes             ; Auto-Generated Megafunction  ; D:/Winter 2022/EECS3216 Z - Digital Systems Engineering/Project/EECS-3216-Project/db/add_sub_t3c.tdf         ;         ;
; db/add_sub_u3c.tdf               ; yes             ; Auto-Generated Megafunction  ; D:/Winter 2022/EECS3216 Z - Digital Systems Engineering/Project/EECS-3216-Project/db/add_sub_u3c.tdf         ;         ;
; db/lpm_divide_8sl.tdf            ; yes             ; Auto-Generated Megafunction  ; D:/Winter 2022/EECS3216 Z - Digital Systems Engineering/Project/EECS-3216-Project/db/lpm_divide_8sl.tdf      ;         ;
+----------------------------------+-----------------+------------------------------+--------------------------------------------------------------------------------------------------------------+---------+


+--------------------------------------------------------------+
; Analysis & Synthesis Resource Usage Summary                  ;
+---------------------------------------------+----------------+
; Resource                                    ; Usage          ;
+---------------------------------------------+----------------+
; Estimated Total logic elements              ; 330            ;
;                                             ;                ;
; Total combinational functions               ; 316            ;
; Logic element usage by number of LUT inputs ;                ;
;     -- 4 input functions                    ; 107            ;
;     -- 3 input functions                    ; 70             ;
;     -- <=2 input functions                  ; 139            ;
;                                             ;                ;
; Logic elements by mode                      ;                ;
;     -- normal mode                          ; 220            ;
;     -- arithmetic mode                      ; 96             ;
;                                             ;                ;
; Total registers                             ; 114            ;
;     -- Dedicated logic registers            ; 114            ;
;     -- I/O registers                        ; 0              ;
;                                             ;                ;
; I/O pins                                    ; 61             ;
;                                             ;                ;
; Embedded Multiplier 9-bit elements          ; 0              ;
;                                             ;                ;
; Maximum fan-out node                        ; CLOCK_50~input ;
; Maximum fan-out                             ; 51             ;
; Total fan-out                               ; 1358           ;
; Average fan-out                             ; 2.46           ;
+---------------------------------------------+----------------+


+---------------------------------------------------------------------------------------------------------------------------------------------------------------------------------------------------------------------------------------------------------------------------------------------------------------------------------------------------------+
; Analysis & Synthesis Resource Utilization by Entity                                                                                                                                                                                                                                                                                                     ;
+-------------------------------------------+---------------------+---------------------------+-------------+------------+--------------+---------+-----------+------+--------------+------------+-------------------------------------------------------------------------------------------------------------------+---------------------+--------------+
; Compilation Hierarchy Node                ; Combinational ALUTs ; Dedicated Logic Registers ; Memory Bits ; UFM Blocks ; DSP Elements ; DSP 9x9 ; DSP 18x18 ; Pins ; Virtual Pins ; ADC blocks ; Full Hierarchy Name                                                                                               ; Entity Name         ; Library Name ;
+-------------------------------------------+---------------------+---------------------------+-------------+------------+--------------+---------+-----------+------+--------------+------------+-------------------------------------------------------------------------------------------------------------------+---------------------+--------------+
; |top                                      ; 316 (0)             ; 114 (0)                   ; 0           ; 0          ; 0            ; 0       ; 0         ; 61   ; 0            ; 0          ; |top                                                                                                              ; top                 ; work         ;
;    |Show_Colours:VGA|                     ; 88 (5)              ; 46 (0)                    ; 0           ; 0          ; 0            ; 0       ; 0         ; 0    ; 0            ; 0          ; |top|Show_Colours:VGA                                                                                             ; Show_Colours        ; work         ;
;       |ClockDivider:MHz25|                ; 1 (1)               ; 1 (1)                     ; 0           ; 0          ; 0            ; 0       ; 0         ; 0    ; 0            ; 0          ; |top|Show_Colours:VGA|ClockDivider:MHz25                                                                          ; ClockDivider        ; work         ;
;       |drawLines:DL|                      ; 41 (41)             ; 12 (12)                   ; 0           ; 0          ; 0            ; 0       ; 0         ; 0    ; 0            ; 0          ; |top|Show_Colours:VGA|drawLines:DL                                                                                ; drawLines           ; work         ;
;       |horizontalCounter:VGAHoriz|        ; 20 (20)             ; 17 (17)                   ; 0           ; 0          ; 0            ; 0       ; 0         ; 0    ; 0            ; 0          ; |top|Show_Colours:VGA|horizontalCounter:VGAHoriz                                                                  ; horizontalCounter   ; work         ;
;       |verticalCounter:VGAVert|           ; 21 (21)             ; 16 (16)                   ; 0           ; 0          ; 0            ; 0       ; 0         ; 0    ; 0            ; 0          ; |top|Show_Colours:VGA|verticalCounter:VGAVert                                                                     ; verticalCounter     ; work         ;
;    |random:Rand|                          ; 13 (13)             ; 16 (16)                   ; 0           ; 0          ; 0            ; 0       ; 0         ; 0    ; 0            ; 0          ; |top|random:Rand                                                                                                  ; random              ; work         ;
;    |scorer:Score|                         ; 112 (9)             ; 7 (7)                     ; 0           ; 0          ; 0            ; 0       ; 0         ; 0    ; 0            ; 0          ; |top|scorer:Score                                                                                                 ; scorer              ; work         ;
;       |lpm_divide:Div0|                   ; 43 (0)              ; 0 (0)                     ; 0           ; 0          ; 0            ; 0       ; 0         ; 0    ; 0            ; 0          ; |top|scorer:Score|lpm_divide:Div0                                                                                 ; lpm_divide          ; work         ;
;          |lpm_divide_8sl:auto_generated|  ; 43 (0)              ; 0 (0)                     ; 0           ; 0          ; 0            ; 0       ; 0         ; 0    ; 0            ; 0          ; |top|scorer:Score|lpm_divide:Div0|lpm_divide_8sl:auto_generated                                                   ; lpm_divide_8sl      ; work         ;
;             |sign_div_unsign_akh:divider| ; 43 (0)              ; 0 (0)                     ; 0           ; 0          ; 0            ; 0       ; 0         ; 0    ; 0            ; 0          ; |top|scorer:Score|lpm_divide:Div0|lpm_divide_8sl:auto_generated|sign_div_unsign_akh:divider                       ; sign_div_unsign_akh ; work         ;
;                |alt_u_div_uee:divider|    ; 43 (43)             ; 0 (0)                     ; 0           ; 0          ; 0            ; 0       ; 0         ; 0    ; 0            ; 0          ; |top|scorer:Score|lpm_divide:Div0|lpm_divide_8sl:auto_generated|sign_div_unsign_akh:divider|alt_u_div_uee:divider ; alt_u_div_uee       ; work         ;
;       |lpm_divide:Mod0|                   ; 46 (0)              ; 0 (0)                     ; 0           ; 0          ; 0            ; 0       ; 0         ; 0    ; 0            ; 0          ; |top|scorer:Score|lpm_divide:Mod0                                                                                 ; lpm_divide          ; work         ;
;          |lpm_divide_bkl:auto_generated|  ; 46 (0)              ; 0 (0)                     ; 0           ; 0          ; 0            ; 0       ; 0         ; 0    ; 0            ; 0          ; |top|scorer:Score|lpm_divide:Mod0|lpm_divide_bkl:auto_generated                                                   ; lpm_divide_bkl      ; work         ;
;             |sign_div_unsign_akh:divider| ; 46 (0)              ; 0 (0)                     ; 0           ; 0          ; 0            ; 0       ; 0         ; 0    ; 0            ; 0          ; |top|scorer:Score|lpm_divide:Mod0|lpm_divide_bkl:auto_generated|sign_div_unsign_akh:divider                       ; sign_div_unsign_akh ; work         ;
;                |alt_u_div_uee:divider|    ; 46 (46)             ; 0 (0)                     ; 0           ; 0          ; 0            ; 0       ; 0         ; 0    ; 0            ; 0          ; |top|scorer:Score|lpm_divide:Mod0|lpm_divide_bkl:auto_generated|sign_div_unsign_akh:divider|alt_u_div_uee:divider ; alt_u_div_uee       ; work         ;
;       |sevenseg:A|                        ; 7 (7)               ; 0 (0)                     ; 0           ; 0          ; 0            ; 0       ; 0         ; 0    ; 0            ; 0          ; |top|scorer:Score|sevenseg:A                                                                                      ; sevenseg            ; work         ;
;       |sevenseg:B|                        ; 7 (7)               ; 0 (0)                     ; 0           ; 0          ; 0            ; 0       ; 0         ; 0    ; 0            ; 0          ; |top|scorer:Score|sevenseg:B                                                                                      ; sevenseg            ; work         ;
;    |switch:Switches|                      ; 11 (11)             ; 1 (1)                     ; 0           ; 0          ; 0            ; 0       ; 0         ; 0    ; 0            ; 0          ; |top|switch:Switches                                                                                              ; switch              ; work         ;
;    |timer:Time|                           ; 92 (18)             ; 44 (11)                   ; 0           ; 0          ; 0            ; 0       ; 0         ; 0    ; 0            ; 0          ; |top|timer:Time                                                                                                   ; timer               ; work         ;
;       |ClockDivider:comb_5|               ; 44 (44)             ; 33 (33)                   ; 0           ; 0          ; 0            ; 0       ; 0         ; 0    ; 0            ; 0          ; |top|timer:Time|ClockDivider:comb_5                                                                               ; ClockDivider        ; work         ;
;       |seg7:comb_3|                       ; 15 (15)             ; 0 (0)                     ; 0           ; 0          ; 0            ; 0       ; 0         ; 0    ; 0            ; 0          ; |top|timer:Time|seg7:comb_3                                                                                       ; seg7                ; work         ;
;       |seg7:comb_4|                       ; 15 (15)             ; 0 (0)                     ; 0           ; 0          ; 0            ; 0       ; 0         ; 0    ; 0            ; 0          ; |top|timer:Time|seg7:comb_4                                                                                       ; seg7                ; work         ;
+-------------------------------------------+---------------------+---------------------------+-------------+------------+--------------+---------+-----------+------+--------------+------------+-------------------------------------------------------------------------------------------------------------------+---------------------+--------------+
Note: For table entries with two numbers listed, the numbers in parentheses indicate the number of resources of the given type used by the specific entity alone. The numbers listed outside of parentheses indicate the total resources of the given type used by the specific entity and all of its sub-entities in the hierarchy.


+-------------------------------------------------------------------------------------------+
; Registers Removed During Synthesis                                                        ;
+--------------------------------------------------+----------------------------------------+
; Register name                                    ; Reason for Removal                     ;
+--------------------------------------------------+----------------------------------------+
; scorer:Score|answer_out                          ; Stuck at GND due to stuck port data_in ;
; random:Rand|matrix[1][2]                         ; Merged with random:Rand|matrix[0][2]   ;
; random:Rand|matrix[2][2]                         ; Merged with random:Rand|matrix[0][2]   ;
; random:Rand|matrix[0][1]                         ; Merged with random:Rand|matrix[0][2]   ;
; random:Rand|matrix[3][0]                         ; Merged with random:Rand|matrix[3][1]   ;
; random:Rand|matrix[0][2]                         ; Stuck at GND due to stuck port data_in ;
; Show_Colours:VGA|ClockDivider:MHz25|count[0..31] ; Stuck at GND due to stuck port data_in ;
; Total Number of Removed Registers = 38           ;                                        ;
+--------------------------------------------------+----------------------------------------+


+------------------------------------------------------+
; General Register Statistics                          ;
+----------------------------------------------+-------+
; Statistic                                    ; Value ;
+----------------------------------------------+-------+
; Total registers                              ; 114   ;
; Number of registers using Synchronous Clear  ; 64    ;
; Number of registers using Synchronous Load   ; 0     ;
; Number of registers using Asynchronous Clear ; 31    ;
; Number of registers using Asynchronous Load  ; 0     ;
; Number of registers using Clock Enable       ; 34    ;
; Number of registers using Preset             ; 0     ;
+----------------------------------------------+-------+


+--------------------------------------------------+
; Inverted Register Statistics                     ;
+----------------------------------------+---------+
; Inverted Register                      ; Fan out ;
+----------------------------------------+---------+
; timer:Time|blink                       ; 15      ;
; timer:Time|second_dig[1]               ; 12      ;
; timer:Time|second_dig[2]               ; 11      ;
; Total number of inverted registers = 3 ;         ;
+----------------------------------------+---------+


+---------------------------------------------------------------------------------------------------------------------------------------------+
; Multiplexer Restructuring Statistics (Restructuring Performed)                                                                              ;
+--------------------+-----------+---------------+----------------------+------------------------+------------+-------------------------------+
; Multiplexer Inputs ; Bus Width ; Baseline Area ; Area if Restructured ; Saving if Restructured ; Registered ; Example Multiplexer Output    ;
+--------------------+-----------+---------------+----------------------+------------------------+------------+-------------------------------+
; 3:1                ; 4 bits    ; 8 LEs         ; 4 LEs                ; 4 LEs                  ; Yes        ; |top|timer:Time|first_dig[0]  ;
; 8:1                ; 9 bits    ; 45 LEs        ; 27 LEs               ; 18 LEs                 ; Yes        ; |top|random:Rand|matrix[3][2] ;
+--------------------+-----------+---------------+----------------------+------------------------+------------+-------------------------------+


+-----------------------------------------------------------------------------+
; Parameter Settings for User Entity Instance: timer:Time|ClockDivider:comb_5 ;
+----------------+----------------------------------+-------------------------+
; Parameter Name ; Value                            ; Type                    ;
+----------------+----------------------------------+-------------------------+
; D              ; 00000000101111101011110000100000 ; Unsigned Binary         ;
+----------------+----------------------------------+-------------------------+
Note: In order to hide this table in the UI and the text report file, please set the "Show Parameter Settings in Synthesis Report" option in "Analysis and Synthesis Settings -> More Settings" to "Off".


+----------------------------------------------------------------------------------+
; Parameter Settings for User Entity Instance: Show_Colours:VGA|ClockDivider:MHz25 ;
+----------------+----------------------------------+------------------------------+
; Parameter Name ; Value                            ; Type                         ;
+----------------+----------------------------------+------------------------------+
; D              ; 00000000000000000000000000000001 ; Unsigned Binary              ;
+----------------+----------------------------------+------------------------------+
Note: In order to hide this table in the UI and the text report file, please set the "Show Parameter Settings in Synthesis Report" option in "Analysis and Synthesis Settings -> More Settings" to "Off".


+----------------------------------------------------------------------------+
; Parameter Settings for User Entity Instance: Show_Colours:VGA|drawLines:DL ;
+----------------+------------------+----------------------------------------+
; Parameter Name ; Value            ; Type                                   ;
+----------------+------------------+----------------------------------------+
; vertMin        ; 0000000000100011 ; Unsigned Binary                        ;
; vertMax        ; 0000001000000010 ; Unsigned Binary                        ;
; horzMin        ; 0000000010001111 ; Unsigned Binary                        ;
; horzMax        ; 0000001100001111 ; Unsigned Binary                        ;
; rows           ; 0000000000001101 ; Unsigned Binary                        ;
; columns        ; 0000000000110010 ; Unsigned Binary                        ;
+----------------+------------------+----------------------------------------+
Note: In order to hide this table in the UI and the text report file, please set the "Show Parameter Settings in Synthesis Report" option in "Analysis and Synthesis Settings -> More Settings" to "Off".


+-------------------------------------------------------------------------------+
; Parameter Settings for Inferred Entity Instance: scorer:Score|lpm_divide:Mod0 ;
+------------------------+----------------+-------------------------------------+
; Parameter Name         ; Value          ; Type                                ;
+------------------------+----------------+-------------------------------------+
; LPM_WIDTHN             ; 7              ; Untyped                             ;
; LPM_WIDTHD             ; 4              ; Untyped                             ;
; LPM_NREPRESENTATION    ; UNSIGNED       ; Untyped                             ;
; LPM_DREPRESENTATION    ; UNSIGNED       ; Untyped                             ;
; LPM_PIPELINE           ; 0              ; Untyped                             ;
; LPM_REMAINDERPOSITIVE  ; TRUE           ; Untyped                             ;
; MAXIMIZE_SPEED         ; 5              ; Untyped                             ;
; CBXI_PARAMETER         ; lpm_divide_bkl ; Untyped                             ;
; CARRY_CHAIN            ; MANUAL         ; Untyped                             ;
; OPTIMIZE_FOR_SPEED     ; 5              ; Untyped                             ;
; AUTO_CARRY_CHAINS      ; ON             ; AUTO_CARRY                          ;
; IGNORE_CARRY_BUFFERS   ; OFF            ; IGNORE_CARRY                        ;
; AUTO_CASCADE_CHAINS    ; ON             ; AUTO_CASCADE                        ;
; IGNORE_CASCADE_BUFFERS ; OFF            ; IGNORE_CASCADE                      ;
+------------------------+----------------+-------------------------------------+
Note: In order to hide this table in the UI and the text report file, please set the "Show Parameter Settings in Synthesis Report" option in "Analysis and Synthesis Settings -> More Settings" to "Off".


+-------------------------------------------------------------------------------+
; Parameter Settings for Inferred Entity Instance: scorer:Score|lpm_divide:Div0 ;
+------------------------+----------------+-------------------------------------+
; Parameter Name         ; Value          ; Type                                ;
+------------------------+----------------+-------------------------------------+
; LPM_WIDTHN             ; 7              ; Untyped                             ;
; LPM_WIDTHD             ; 4              ; Untyped                             ;
; LPM_NREPRESENTATION    ; UNSIGNED       ; Untyped                             ;
; LPM_DREPRESENTATION    ; UNSIGNED       ; Untyped                             ;
; LPM_PIPELINE           ; 0              ; Untyped                             ;
; LPM_REMAINDERPOSITIVE  ; TRUE           ; Untyped                             ;
; MAXIMIZE_SPEED         ; 5              ; Untyped                             ;
; CBXI_PARAMETER         ; lpm_divide_8sl ; Untyped                             ;
; CARRY_CHAIN            ; MANUAL         ; Untyped                             ;
; OPTIMIZE_FOR_SPEED     ; 5              ; Untyped                             ;
; AUTO_CARRY_CHAINS      ; ON             ; AUTO_CARRY                          ;
; IGNORE_CARRY_BUFFERS   ; OFF            ; IGNORE_CARRY                        ;
; AUTO_CASCADE_CHAINS    ; ON             ; AUTO_CASCADE                        ;
; IGNORE_CASCADE_BUFFERS ; OFF            ; IGNORE_CASCADE                      ;
+------------------------+----------------+-------------------------------------+
Note: In order to hide this table in the UI and the text report file, please set the "Show Parameter Settings in Synthesis Report" option in "Analysis and Synthesis Settings -> More Settings" to "Off".


+--------------------------------------------------------------------------------------------------------------------------------------------------------------------------------------------------------------+
; Port Connectivity Checks: "scorer:Score|sevenseg:B"                                                                                                                                                          ;
+------+-------+----------+------------------------------------------------------------------------------------------------------------------------------------------------------------------------------------+
; Port ; Type  ; Severity ; Details                                                                                                                                                                            ;
+------+-------+----------+------------------------------------------------------------------------------------------------------------------------------------------------------------------------------------+
; x    ; Input ; Warning  ; Input port expression (32 bits) is wider than the input port (4 bits) it drives.  The 28 most-significant bit(s) in the expression will be dangling if they have no other fanouts. ;
+------+-------+----------+------------------------------------------------------------------------------------------------------------------------------------------------------------------------------------+


+--------------------------------------------------------------------------------------------------------------------------------------------------------------------------------------------------------------+
; Port Connectivity Checks: "scorer:Score|sevenseg:A"                                                                                                                                                          ;
+------+-------+----------+------------------------------------------------------------------------------------------------------------------------------------------------------------------------------------+
; Port ; Type  ; Severity ; Details                                                                                                                                                                            ;
+------+-------+----------+------------------------------------------------------------------------------------------------------------------------------------------------------------------------------------+
; x    ; Input ; Warning  ; Input port expression (32 bits) is wider than the input port (4 bits) it drives.  The 28 most-significant bit(s) in the expression will be dangling if they have no other fanouts. ;
+------+-------+----------+------------------------------------------------------------------------------------------------------------------------------------------------------------------------------------+


+-----------------------------------------------------+
; Post-Synthesis Netlist Statistics for Top Partition ;
+-----------------------+-----------------------------+
; Type                  ; Count                       ;
+-----------------------+-----------------------------+
; boundary_port         ; 61                          ;
; cycloneiii_ff         ; 114                         ;
;     CLR               ; 16                          ;
;     ENA               ; 3                           ;
;     ENA CLR           ; 15                          ;
;     ENA SCLR          ; 16                          ;
;     SCLR              ; 48                          ;
;     plain             ; 16                          ;
; cycloneiii_lcell_comb ; 318                         ;
;     arith             ; 96                          ;
;         2 data inputs ; 71                          ;
;         3 data inputs ; 25                          ;
;     normal            ; 222                         ;
;         0 data inputs ; 9                           ;
;         1 data inputs ; 8                           ;
;         2 data inputs ; 53                          ;
;         3 data inputs ; 45                          ;
;         4 data inputs ; 107                         ;
;                       ;                             ;
; Max LUT depth         ; 10.50                       ;
; Average LUT depth     ; 5.16                        ;
+-----------------------+-----------------------------+


+-------------------------------+
; Elapsed Time Per Partition    ;
+----------------+--------------+
; Partition Name ; Elapsed Time ;
+----------------+--------------+
; Top            ; 00:00:01     ;
+----------------+--------------+


+-------------------------------+
; Analysis & Synthesis Messages ;
+-------------------------------+
Info: *******************************************************************
Info: Running Quartus Prime Analysis & Synthesis
    Info: Version 20.1.1 Build 720 11/11/2020 Patches 1.02i SJ Lite Edition
    Info: Processing started: Tue Apr 05 14:48:08 2022
Info: Command: quartus_map --read_settings_files=on --write_settings_files=off EECS3216-Project -c EECS3216-Project
Warning (18236): Number of processors has not been specified which may cause overloading on shared machines.  Set the global assignment NUM_PARALLEL_PROCESSORS in your QSF to an appropriate value for best performance.
Info (20030): Parallel compilation is enabled and will use 12 of the 12 processors detected
Info (12021): Found 1 design units, including 1 entities, in source file show_colours.sv
    Info (12023): Found entity 1: Show_Colours File: D:/Winter 2022/EECS3216 Z - Digital Systems Engineering/Project/EECS-3216-Project/Show_Colours.sv Line: 1
Info (12021): Found 1 design units, including 1 entities, in source file horizontalcounter.sv
    Info (12023): Found entity 1: horizontalCounter File: D:/Winter 2022/EECS3216 Z - Digital Systems Engineering/Project/EECS-3216-Project/horizontalCounter.sv Line: 1
Info (12021): Found 1 design units, including 1 entities, in source file verticalcounter.sv
    Info (12023): Found entity 1: verticalCounter File: D:/Winter 2022/EECS3216 Z - Digital Systems Engineering/Project/EECS-3216-Project/verticalCounter.sv Line: 1
Info (12021): Found 1 design units, including 1 entities, in source file clockdivider.sv
    Info (12023): Found entity 1: ClockDivider File: D:/Winter 2022/EECS3216 Z - Digital Systems Engineering/Project/EECS-3216-Project/ClockDivider.sv Line: 1
Info (12021): Found 1 design units, including 1 entities, in source file tb.sv
    Info (12023): Found entity 1: tb File: D:/Winter 2022/EECS3216 Z - Digital Systems Engineering/Project/EECS-3216-Project/tb.sv Line: 2
Info (12021): Found 1 design units, including 1 entities, in source file drawlines.sv
    Info (12023): Found entity 1: drawLines File: D:/Winter 2022/EECS3216 Z - Digital Systems Engineering/Project/EECS-3216-Project/drawLines.sv Line: 1
Info (12021): Found 1 design units, including 1 entities, in source file scorer.sv
    Info (12023): Found entity 1: scorer File: D:/Winter 2022/EECS3216 Z - Digital Systems Engineering/Project/EECS-3216-Project/scorer.sv Line: 75
Info (12021): Found 1 design units, including 1 entities, in source file timer.sv
    Info (12023): Found entity 1: timer File: D:/Winter 2022/EECS3216 Z - Digital Systems Engineering/Project/EECS-3216-Project/timer.sv Line: 1
Info (12021): Found 1 design units, including 1 entities, in source file random.sv
    Info (12023): Found entity 1: random File: D:/Winter 2022/EECS3216 Z - Digital Systems Engineering/Project/EECS-3216-Project/random.sv Line: 1
Info (12021): Found 1 design units, including 1 entities, in source file seg7.sv
    Info (12023): Found entity 1: seg7 File: D:/Winter 2022/EECS3216 Z - Digital Systems Engineering/Project/EECS-3216-Project/seg7.sv Line: 1
Info (12021): Found 1 design units, including 1 entities, in source file top.sv
    Info (12023): Found entity 1: top File: D:/Winter 2022/EECS3216 Z - Digital Systems Engineering/Project/EECS-3216-Project/top.sv Line: 1
Info (12021): Found 1 design units, including 1 entities, in source file switch.sv
    Info (12023): Found entity 1: switch File: D:/Winter 2022/EECS3216 Z - Digital Systems Engineering/Project/EECS-3216-Project/switch.sv Line: 1
Info (12021): Found 1 design units, including 1 entities, in source file sevenseg.sv
    Info (12023): Found entity 1: sevenseg File: D:/Winter 2022/EECS3216 Z - Digital Systems Engineering/Project/EECS-3216-Project/sevenseg.sv Line: 1
Info (12021): Found 1 design units, including 1 entities, in source file debouncer.sv
    Info (12023): Found entity 1: debouncer File: D:/Winter 2022/EECS3216 Z - Digital Systems Engineering/Project/EECS-3216-Project/debouncer.sv Line: 30
Critical Warning (10846): Verilog HDL Instantiation warning at timer.sv(14): instance has no name File: D:/Winter 2022/EECS3216 Z - Digital Systems Engineering/Project/EECS-3216-Project/timer.sv Line: 14
Critical Warning (10846): Verilog HDL Instantiation warning at timer.sv(15): instance has no name File: D:/Winter 2022/EECS3216 Z - Digital Systems Engineering/Project/EECS-3216-Project/timer.sv Line: 15
Critical Warning (10846): Verilog HDL Instantiation warning at timer.sv(18): instance has no name File: D:/Winter 2022/EECS3216 Z - Digital Systems Engineering/Project/EECS-3216-Project/timer.sv Line: 18
Info (12127): Elaborating entity "top" for the top level hierarchy
Warning (10034): Output port "LEDR[5..9]" at top.sv(1) has no driver File: D:/Winter 2022/EECS3216 Z - Digital Systems Engineering/Project/EECS-3216-Project/top.sv Line: 1
Info (12128): Elaborating entity "random" for hierarchy "random:Rand" File: D:/Winter 2022/EECS3216 Z - Digital Systems Engineering/Project/EECS-3216-Project/top.sv Line: 9
Warning (10036): Verilog HDL or VHDL warning at random.sv(55): object "led0" assigned a value but never read File: D:/Winter 2022/EECS3216 Z - Digital Systems Engineering/Project/EECS-3216-Project/random.sv Line: 55
Warning (10036): Verilog HDL or VHDL warning at random.sv(56): object "led1" assigned a value but never read File: D:/Winter 2022/EECS3216 Z - Digital Systems Engineering/Project/EECS-3216-Project/random.sv Line: 56
Warning (10036): Verilog HDL or VHDL warning at random.sv(57): object "led2" assigned a value but never read File: D:/Winter 2022/EECS3216 Z - Digital Systems Engineering/Project/EECS-3216-Project/random.sv Line: 57
Warning (10036): Verilog HDL or VHDL warning at random.sv(58): object "led3" assigned a value but never read File: D:/Winter 2022/EECS3216 Z - Digital Systems Engineering/Project/EECS-3216-Project/random.sv Line: 58
Warning (10036): Verilog HDL or VHDL warning at random.sv(59): object "led4" assigned a value but never read File: D:/Winter 2022/EECS3216 Z - Digital Systems Engineering/Project/EECS-3216-Project/random.sv Line: 59
Info (12128): Elaborating entity "timer" for hierarchy "timer:Time" File: D:/Winter 2022/EECS3216 Z - Digital Systems Engineering/Project/EECS-3216-Project/top.sv Line: 11
Info (12128): Elaborating entity "seg7" for hierarchy "timer:Time|seg7:comb_3" File: D:/Winter 2022/EECS3216 Z - Digital Systems Engineering/Project/EECS-3216-Project/timer.sv Line: 14
Info (12128): Elaborating entity "ClockDivider" for hierarchy "timer:Time|ClockDivider:comb_5" File: D:/Winter 2022/EECS3216 Z - Digital Systems Engineering/Project/EECS-3216-Project/timer.sv Line: 18
Info (12128): Elaborating entity "scorer" for hierarchy "scorer:Score" File: D:/Winter 2022/EECS3216 Z - Digital Systems Engineering/Project/EECS-3216-Project/top.sv Line: 13
Warning (10230): Verilog HDL assignment warning at scorer.sv(97): truncated value with size 32 to match size of target (7) File: D:/Winter 2022/EECS3216 Z - Digital Systems Engineering/Project/EECS-3216-Project/scorer.sv Line: 97
Info (12128): Elaborating entity "sevenseg" for hierarchy "scorer:Score|sevenseg:A" File: D:/Winter 2022/EECS3216 Z - Digital Systems Engineering/Project/EECS-3216-Project/scorer.sv Line: 84
Info (12128): Elaborating entity "switch" for hierarchy "switch:Switches" File: D:/Winter 2022/EECS3216 Z - Digital Systems Engineering/Project/EECS-3216-Project/top.sv Line: 15
Info (12128): Elaborating entity "Show_Colours" for hierarchy "Show_Colours:VGA" File: D:/Winter 2022/EECS3216 Z - Digital Systems Engineering/Project/EECS-3216-Project/top.sv Line: 17
Warning (10230): Verilog HDL assignment warning at Show_Colours.sv(19): truncated value with size 32 to match size of target (1) File: D:/Winter 2022/EECS3216 Z - Digital Systems Engineering/Project/EECS-3216-Project/Show_Colours.sv Line: 19
Info (12128): Elaborating entity "ClockDivider" for hierarchy "Show_Colours:VGA|ClockDivider:MHz25" File: D:/Winter 2022/EECS3216 Z - Digital Systems Engineering/Project/EECS-3216-Project/Show_Colours.sv Line: 7
Info (12128): Elaborating entity "horizontalCounter" for hierarchy "Show_Colours:VGA|horizontalCounter:VGAHoriz" File: D:/Winter 2022/EECS3216 Z - Digital Systems Engineering/Project/EECS-3216-Project/Show_Colours.sv Line: 9
Warning (10230): Verilog HDL assignment warning at horizontalCounter.sv(6): truncated value with size 32 to match size of target (16) File: D:/Winter 2022/EECS3216 Z - Digital Systems Engineering/Project/EECS-3216-Project/horizontalCounter.sv Line: 6
Info (12128): Elaborating entity "verticalCounter" for hierarchy "Show_Colours:VGA|verticalCounter:VGAVert" File: D:/Winter 2022/EECS3216 Z - Digital Systems Engineering/Project/EECS-3216-Project/Show_Colours.sv Line: 10
Warning (10230): Verilog HDL assignment warning at verticalCounter.sv(8): truncated value with size 32 to match size of target (16) File: D:/Winter 2022/EECS3216 Z - Digital Systems Engineering/Project/EECS-3216-Project/verticalCounter.sv Line: 8
Info (12128): Elaborating entity "drawLines" for hierarchy "Show_Colours:VGA|drawLines:DL" File: D:/Winter 2022/EECS3216 Z - Digital Systems Engineering/Project/EECS-3216-Project/Show_Colours.sv Line: 21
Info (278001): Inferred 2 megafunctions from design logic
    Info (278004): Inferred divider/modulo megafunction ("lpm_divide") from the following logic: "scorer:Score|Mod0" File: D:/Winter 2022/EECS3216 Z - Digital Systems Engineering/Project/EECS-3216-Project/scorer.sv Line: 85
    Info (278004): Inferred divider/modulo megafunction ("lpm_divide") from the following logic: "scorer:Score|Div0" File: D:/Winter 2022/EECS3216 Z - Digital Systems Engineering/Project/EECS-3216-Project/scorer.sv Line: 84
Info (12130): Elaborated megafunction instantiation "scorer:Score|lpm_divide:Mod0" File: D:/Winter 2022/EECS3216 Z - Digital Systems Engineering/Project/EECS-3216-Project/scorer.sv Line: 85
Info (12133): Instantiated megafunction "scorer:Score|lpm_divide:Mod0" with the following parameter: File: D:/Winter 2022/EECS3216 Z - Digital Systems Engineering/Project/EECS-3216-Project/scorer.sv Line: 85
    Info (12134): Parameter "LPM_WIDTHN" = "7"
    Info (12134): Parameter "LPM_WIDTHD" = "4"
    Info (12134): Parameter "LPM_NREPRESENTATION" = "UNSIGNED"
    Info (12134): Parameter "LPM_DREPRESENTATION" = "UNSIGNED"
Info (12021): Found 1 design units, including 1 entities, in source file db/lpm_divide_bkl.tdf
    Info (12023): Found entity 1: lpm_divide_bkl File: D:/Winter 2022/EECS3216 Z - Digital Systems Engineering/Project/EECS-3216-Project/db/lpm_divide_bkl.tdf Line: 25
Info (12021): Found 1 design units, including 1 entities, in source file db/sign_div_unsign_akh.tdf
    Info (12023): Found entity 1: sign_div_unsign_akh File: D:/Winter 2022/EECS3216 Z - Digital Systems Engineering/Project/EECS-3216-Project/db/sign_div_unsign_akh.tdf Line: 25
Info (12021): Found 1 design units, including 1 entities, in source file db/alt_u_div_uee.tdf
    Info (12023): Found entity 1: alt_u_div_uee File: D:/Winter 2022/EECS3216 Z - Digital Systems Engineering/Project/EECS-3216-Project/db/alt_u_div_uee.tdf Line: 27
Info (12021): Found 1 design units, including 1 entities, in source file db/add_sub_t3c.tdf
    Info (12023): Found entity 1: add_sub_t3c File: D:/Winter 2022/EECS3216 Z - Digital Systems Engineering/Project/EECS-3216-Project/db/add_sub_t3c.tdf Line: 23
Info (12021): Found 1 design units, including 1 entities, in source file db/add_sub_u3c.tdf
    Info (12023): Found entity 1: add_sub_u3c File: D:/Winter 2022/EECS3216 Z - Digital Systems Engineering/Project/EECS-3216-Project/db/add_sub_u3c.tdf Line: 23
Info (12130): Elaborated megafunction instantiation "scorer:Score|lpm_divide:Div0" File: D:/Winter 2022/EECS3216 Z - Digital Systems Engineering/Project/EECS-3216-Project/scorer.sv Line: 84
Info (12133): Instantiated megafunction "scorer:Score|lpm_divide:Div0" with the following parameter: File: D:/Winter 2022/EECS3216 Z - Digital Systems Engineering/Project/EECS-3216-Project/scorer.sv Line: 84
    Info (12134): Parameter "LPM_WIDTHN" = "7"
    Info (12134): Parameter "LPM_WIDTHD" = "4"
    Info (12134): Parameter "LPM_NREPRESENTATION" = "UNSIGNED"
    Info (12134): Parameter "LPM_DREPRESENTATION" = "UNSIGNED"
Info (12021): Found 1 design units, including 1 entities, in source file db/lpm_divide_8sl.tdf
    Info (12023): Found entity 1: lpm_divide_8sl File: D:/Winter 2022/EECS3216 Z - Digital Systems Engineering/Project/EECS-3216-Project/db/lpm_divide_8sl.tdf Line: 25
Warning (12241): 2 hierarchies have connectivity warnings - see the Connectivity Checks report folder
Info (13000): Registers with preset signals will power-up high File: D:/Winter 2022/EECS3216 Z - Digital Systems Engineering/Project/EECS-3216-Project/timer.sv Line: 30
Info (13003): DEV_CLRn pin will set, and not reset, register with preset signal due to NOT Gate Push-Back
Warning (13004): Presettable and clearable registers converted to equivalent circuits with latches. Registers power-up to an undefined state, and DEVCLRn places the registers in an undefined state.
    Warning (13310): Register "switch:Switches|correct_signal" is converted into an equivalent circuit using register "switch:Switches|correct_signal~_emulated" and latch "switch:Switches|correct_signal~1" File: D:/Winter 2022/EECS3216 Z - Digital Systems Engineering/Project/EECS-3216-Project/switch.sv Line: 5
Warning (13024): Output pins are stuck at VCC or GND
    Warning (13410): Pin "LEDR[9]" is stuck at GND File: D:/Winter 2022/EECS3216 Z - Digital Systems Engineering/Project/EECS-3216-Project/top.sv Line: 1
    Warning (13410): Pin "LEDR[8]" is stuck at GND File: D:/Winter 2022/EECS3216 Z - Digital Systems Engineering/Project/EECS-3216-Project/top.sv Line: 1
    Warning (13410): Pin "LEDR[7]" is stuck at GND File: D:/Winter 2022/EECS3216 Z - Digital Systems Engineering/Project/EECS-3216-Project/top.sv Line: 1
    Warning (13410): Pin "LEDR[6]" is stuck at GND File: D:/Winter 2022/EECS3216 Z - Digital Systems Engineering/Project/EECS-3216-Project/top.sv Line: 1
    Warning (13410): Pin "LEDR[5]" is stuck at GND File: D:/Winter 2022/EECS3216 Z - Digital Systems Engineering/Project/EECS-3216-Project/top.sv Line: 1
Info (286030): Timing-Driven Synthesis is running
Info (144001): Generated suppressed messages file D:/Winter 2022/EECS3216 Z - Digital Systems Engineering/Project/EECS-3216-Project/output_files/EECS3216-Project.map.smsg
Info (16010): Generating hard_block partition "hard_block:auto_generated_inst"
    Info (16011): Adding 0 node(s), including 0 DDIO, 0 PLL, 0 transceiver and 0 LCELL
Warning (21074): Design contains 1 input pin(s) that do not drive logic
    Warning (15610): No output dependent on input pin "SW[5]" File: D:/Winter 2022/EECS3216 Z - Digital Systems Engineering/Project/EECS-3216-Project/top.sv Line: 1
Info (21057): Implemented 397 device resources after synthesis - the final resource count might be different
    Info (21058): Implemented 9 input pins
    Info (21059): Implemented 52 output pins
    Info (21061): Implemented 336 logic cells
Info: Quartus Prime Analysis & Synthesis was successful. 0 errors, 25 warnings
    Info: Peak virtual memory: 4825 megabytes
    Info: Processing ended: Tue Apr 05 14:48:16 2022
    Info: Elapsed time: 00:00:08
    Info: Total CPU time (on all processors): 00:00:16


+------------------------------------------+
; Analysis & Synthesis Suppressed Messages ;
+------------------------------------------+
The suppressed messages can be found in D:/Winter 2022/EECS3216 Z - Digital Systems Engineering/Project/EECS-3216-Project/output_files/EECS3216-Project.map.smsg.


