------------------------------------------------------------
Timing Analyzer Summary
------------------------------------------------------------

Type  : Slow 1200mV 85C Model Setup 'CLOCK_50'
Slack : -4.799
TNS   : -184.091

Type  : Slow 1200mV 85C Model Setup 'Show_Colours:VGA|ClockDivider:MHz25|cout'
Slack : -4.072
TNS   : -135.251

Type  : Slow 1200mV 85C Model Setup 'KEY[1]'
Slack : -3.557
TNS   : -3.557

Type  : Slow 1200mV 85C Model Setup 'timer:Time|ClockDivider:comb_5|cout'
Slack : -0.944
TNS   : -9.549

Type  : Slow 1200mV 85C Model Hold 'CLOCK_50'
Slack : 0.326
TNS   : 0.000

Type  : Slow 1200mV 85C Model Hold 'timer:Time|ClockDivider:comb_5|cout'
Slack : 0.330
TNS   : 0.000

Type  : Slow 1200mV 85C Model Hold 'Show_Colours:VGA|ClockDivider:MHz25|cout'
Slack : 0.549
TNS   : 0.000

Type  : Slow 1200mV 85C Model Hold 'KEY[1]'
Slack : 1.052
TNS   : 0.000

Type  : Slow 1200mV 85C Model Recovery 'CLOCK_50'
Slack : -2.021
TNS   : -2.021

Type  : Slow 1200mV 85C Model Removal 'CLOCK_50'
Slack : 1.537
TNS   : 0.000

Type  : Slow 1200mV 85C Model Minimum Pulse Width 'CLOCK_50'
Slack : -3.000
TNS   : -75.098

Type  : Slow 1200mV 85C Model Minimum Pulse Width 'KEY[1]'
Slack : -3.000
TNS   : -3.000

Type  : Slow 1200mV 85C Model Minimum Pulse Width 'Show_Colours:VGA|ClockDivider:MHz25|cout'
Slack : -1.222
TNS   : -54.990

Type  : Slow 1200mV 85C Model Minimum Pulse Width 'timer:Time|ClockDivider:comb_5|cout'
Slack : -1.222
TNS   : -13.442

Type  : Slow 1200mV 0C Model Setup 'CLOCK_50'
Slack : -4.248
TNS   : -163.561

Type  : Slow 1200mV 0C Model Setup 'Show_Colours:VGA|ClockDivider:MHz25|cout'
Slack : -3.631
TNS   : -119.648

Type  : Slow 1200mV 0C Model Setup 'KEY[1]'
Slack : -3.098
TNS   : -3.098

Type  : Slow 1200mV 0C Model Setup 'timer:Time|ClockDivider:comb_5|cout'
Slack : -0.773
TNS   : -7.793

Type  : Slow 1200mV 0C Model Hold 'CLOCK_50'
Slack : 0.296
TNS   : 0.000

Type  : Slow 1200mV 0C Model Hold 'timer:Time|ClockDivider:comb_5|cout'
Slack : 0.300
TNS   : 0.000

Type  : Slow 1200mV 0C Model Hold 'Show_Colours:VGA|ClockDivider:MHz25|cout'
Slack : 0.504
TNS   : 0.000

Type  : Slow 1200mV 0C Model Hold 'KEY[1]'
Slack : 0.968
TNS   : 0.000

Type  : Slow 1200mV 0C Model Recovery 'CLOCK_50'
Slack : -1.799
TNS   : -1.799

Type  : Slow 1200mV 0C Model Removal 'CLOCK_50'
Slack : 1.506
TNS   : 0.000

Type  : Slow 1200mV 0C Model Minimum Pulse Width 'CLOCK_50'
Slack : -3.000
TNS   : -75.098

Type  : Slow 1200mV 0C Model Minimum Pulse Width 'KEY[1]'
Slack : -3.000
TNS   : -3.000

Type  : Slow 1200mV 0C Model Minimum Pulse Width 'Show_Colours:VGA|ClockDivider:MHz25|cout'
Slack : -1.222
TNS   : -54.990

Type  : Slow 1200mV 0C Model Minimum Pulse Width 'timer:Time|ClockDivider:comb_5|cout'
Slack : -1.222
TNS   : -13.442

Type  : Fast 1200mV 0C Model Setup 'CLOCK_50'
Slack : -1.865
TNS   : -58.530

Type  : Fast 1200mV 0C Model Setup 'Show_Colours:VGA|ClockDivider:MHz25|cout'
Slack : -1.556
TNS   : -41.512

Type  : Fast 1200mV 0C Model Setup 'KEY[1]'
Slack : -1.389
TNS   : -1.389

Type  : Fast 1200mV 0C Model Setup 'timer:Time|ClockDivider:comb_5|cout'
Slack : 0.083
TNS   : 0.000

Type  : Fast 1200mV 0C Model Hold 'CLOCK_50'
Slack : 0.149
TNS   : 0.000

Type  : Fast 1200mV 0C Model Hold 'timer:Time|ClockDivider:comb_5|cout'
Slack : 0.151
TNS   : 0.000

Type  : Fast 1200mV 0C Model Hold 'Show_Colours:VGA|ClockDivider:MHz25|cout'
Slack : 0.247
TNS   : 0.000

Type  : Fast 1200mV 0C Model Hold 'KEY[1]'
Slack : 0.479
TNS   : 0.000

Type  : Fast 1200mV 0C Model Recovery 'CLOCK_50'
Slack : -1.150
TNS   : -1.150

Type  : Fast 1200mV 0C Model Removal 'CLOCK_50'
Slack : 0.619
TNS   : 0.000

Type  : Fast 1200mV 0C Model Minimum Pulse Width 'CLOCK_50'
Slack : -3.000
TNS   : -72.044

Type  : Fast 1200mV 0C Model Minimum Pulse Width 'KEY[1]'
Slack : -3.000
TNS   : -3.072

Type  : Fast 1200mV 0C Model Minimum Pulse Width 'Show_Colours:VGA|ClockDivider:MHz25|cout'
Slack : -1.000
TNS   : -45.000

Type  : Fast 1200mV 0C Model Minimum Pulse Width 'timer:Time|ClockDivider:comb_5|cout'
Slack : -1.000
TNS   : -11.000

------------------------------------------------------------
